{"timestamp":"2026-10-06T02:12:49.609550","level":"info","event":"DAG bundles loaded: dags-folder","logger":"airflow.dag_processing.bundles.manager.DagBundlesManager"}
{"timestamp":"2026-10-06T02:12:49.611610","level":"info","event":"Filling up the DagBag from /opt/airflow/dags/weather_pipeline.py","logger":"airflow.models.dagbag.DagBag"}
{"timestamp":"2026-10-06T02:12:49.705780","level":"warning","event":"This process (pid=572) is multi-threaded, use of fork() may lead to deadlocks in the child.","category":"DeprecationWarning","filename":"/home/airflow/.local/lib/python3.12/site-packages/airflow/providers/openlineage/plugins/listener.py","lineno":768,"logger":"py.warnings"}
{"timestamp":"2026-10-06T02:12:50.777037","level":"info","event":"OpenLineageClient will use `http` transport","logger":"openlineage.client.client"}
{"timestamp":"2026-10-06T02:12:52.708315","level":"info","event":"Successfully emitted OpenLineage `START` event of id `01a10efb-8915-7c0e-b6ed-b37712235778`","logger":"airflow.providers.openlineage.plugins.adapter.OpenLineageAdapter"}
{"timestamp":"2026-10-06T02:12:52.718822","level":"info","event":"Tmp dir root location: /tmp","logger":"airflow.task.hooks.airflow.providers.standard.hooks.subprocess.SubprocessHook"}
{"timestamp":"2026-10-06T02:12:52.720770","level":"info","event":"Running command: ['/usr/bin/bash', '-c', 'python /opt/airflow/src/data_quality_staging.py']","logger":"airflow.task.hooks.airflow.providers.standard.hooks.subprocess.SubprocessHook"}
{"timestamp":"2026-10-06T02:12:52.730218","level":"info","event":"Output:","logger":"airflow.task.hooks.airflow.providers.standard.hooks.subprocess.SubprocessHook"}
{"timestamp":"2026-10-06T02:12:53.451969","level":"info","event":"[2026-10-06 02:12:53] ========================================","logger":"airflow.task.hooks.airflow.providers.standard.hooks.subprocess.SubprocessHook"}
{"timestamp":"2026-10-06T02:12:53.452385","level":"info","event":"[2026-10-06 02:12:53] STAGING DATA QUALITY CHECK","logger":"airflow.task.hooks.airflow.providers.standard.hooks.subprocess.SubprocessHook"}
{"timestamp":"2026-10-06T02:12:53.452534","level":"info","event":"[2026-10-06 02:12:53] ========================================","logger":"airflow.task.hooks.airflow.providers.standard.hooks.subprocess.SubprocessHook"}
{"timestamp":"2026-10-06T02:12:53.452776","level":"info","event":"[2026-10-06 02:12:53] Checking NULL / empty values...","logger":"airflow.task.hooks.airflow.providers.standard.hooks.subprocess.SubprocessHook"}
{"timestamp":"2026-10-06T02:12:53.470515","level":"info","event":"[2026-10-06 02:12:53] NULL / empty value check passed.","logger":"airflow.task.hooks.airflow.providers.standard.hooks.subprocess.SubprocessHook"}
{"timestamp":"2026-10-06T02:12:53.470720","level":"info","event":"[2026-10-06 02:12:53] Checking duplicate city + weather_time...","logger":"airflow.task.hooks.airflow.providers.standard.hooks.subprocess.SubprocessHook"}
{"timestamp":"2026-10-06T02:12:53.479015","level":"info","event":"[2026-10-06 02:12:53] Duplicate check passed.","logger":"airflow.task.hooks.airflow.providers.standard.hooks.subprocess.SubprocessHook"}
{"timestamp":"2026-10-06T02:12:53.479205","level":"info","event":"[2026-10-06 02:12:53] Checking invalid measurement values...","logger":"airflow.task.hooks.airflow.providers.standard.hooks.subprocess.SubprocessHook"}
{"timestamp":"2026-10-06T02:12:53.482163","level":"info","event":"[2026-10-06 02:12:53] Rows quarantined: 0","logger":"airflow.task.hooks.airflow.providers.standard.hooks.subprocess.SubprocessHook"}
{"timestamp":"2026-10-06T02:12:53.482296","level":"info","event":"[2026-10-06 02:12:53] ========================================","logger":"airflow.task.hooks.airflow.providers.standard.hooks.subprocess.SubprocessHook"}
{"timestamp":"2026-10-06T02:12:53.482333","level":"info","event":"[2026-10-06 02:12:53] STAGING DATA QUALITY PASSED","logger":"airflow.task.hooks.airflow.providers.standard.hooks.subprocess.SubprocessHook"}
{"timestamp":"2026-10-06T02:12:53.482368","level":"info","event":"[2026-10-06 02:12:53] ========================================","logger":"airflow.task.hooks.airflow.providers.standard.hooks.subprocess.SubprocessHook"}
{"timestamp":"2026-10-06T02:12:53.522263","level":"info","event":"Command exited with return code 0","logger":"airflow.task.hooks.airflow.providers.standard.hooks.subprocess.SubprocessHook"}
{"timestamp":"2026-10-06T02:12:53.523130","level":"info","event":"Pushing xcom","ti":"RuntimeTaskInstance(id=UUID('01a10efb-8db5-74e2-b50f-b43c8b31fbb4'), task_id='data_quality_staging', dag_id='weather_pipeline', run_id='manual__2026-10-06T02:12:09.198489+00:00', try_number=1, map_index=-1, hostname='c98161626874', context_carrier=None, task=<Task(BashOperator): data_quality_staging>, bundle_instance=LocalDagBundle(name=dags-folder), max_tries=2, start_date=datetime.datetime(2026, 10, 6, 2, 12, 49, 536767, tzinfo=datetime.timezone.utc), end_date=None, state=<TaskInstanceState.RUNNING: 'running'>, is_mapped=False, rendered_map_index=None, log_url='http://localhost:8080/dags/weather_pipeline/runs/manual__2026-10-06T02%3A12%3A09.198489%2B00%3A00/tasks/data_quality_staging?try_number=1')","logger":"task"}
{"timestamp":"2026-10-06T02:12:54.159929","level":"info","event":"OpenLineageClient will use `http` transport","logger":"openlineage.client.client"}
{"timestamp":"2026-10-06T02:12:54.244502","level":"info","event":"Successfully emitted OpenLineage `COMPLETE` event of id `01a10efb-8915-7c0e-b6ed-b37712235778`","logger":"airflow.providers.openlineage.plugins.adapter.OpenLineageAdapter"}
