{"timestamp":"2026-10-06T02:05:35.520853","level":"info","event":"DAG bundles loaded: dags-folder","logger":"airflow.dag_processing.bundles.manager.DagBundlesManager"}
{"timestamp":"2026-10-06T02:05:35.522319","level":"info","event":"Filling up the DagBag from /opt/airflow/dags/weather_pipeline.py","logger":"airflow.models.dagbag.DagBag"}
{"timestamp":"2026-10-06T02:05:36.229517","level":"warning","event":"This process (pid=467) is multi-threaded, use of fork() may lead to deadlocks in the child.","category":"DeprecationWarning","filename":"/home/airflow/.local/lib/python3.12/site-packages/airflow/providers/openlineage/plugins/listener.py","lineno":768,"logger":"py.warnings"}
{"timestamp":"2026-10-06T02:05:37.080579","level":"info","event":"OpenLineageClient will use `http` transport","logger":"openlineage.client.client"}
{"timestamp":"2026-10-06T02:05:39.339635","level":"info","event":"Successfully emitted OpenLineage `START` event of id `01a10e4b-a180-7fe5-8b65-b701a658246e`","logger":"airflow.providers.openlineage.plugins.adapter.OpenLineageAdapter"}
{"timestamp":"2026-10-06T02:05:39.356089","level":"info","event":"Tmp dir root location: /tmp","logger":"airflow.task.hooks.airflow.providers.standard.hooks.subprocess.SubprocessHook"}
{"timestamp":"2026-10-06T02:05:39.357505","level":"info","event":"Running command: ['/usr/bin/bash', '-c', 'python /opt/airflow/src/data_quality_staging.py']","logger":"airflow.task.hooks.airflow.providers.standard.hooks.subprocess.SubprocessHook"}
{"timestamp":"2026-10-06T02:05:39.367350","level":"info","event":"Output:","logger":"airflow.task.hooks.airflow.providers.standard.hooks.subprocess.SubprocessHook"}
{"timestamp":"2026-10-06T02:05:40.014124","level":"info","event":"[2026-10-06 02:05:40] ========================================","logger":"airflow.task.hooks.airflow.providers.standard.hooks.subprocess.SubprocessHook"}
{"timestamp":"2026-10-06T02:05:40.014275","level":"info","event":"[2026-10-06 02:05:40] STAGING DATA QUALITY CHECK","logger":"airflow.task.hooks.airflow.providers.standard.hooks.subprocess.SubprocessHook"}
{"timestamp":"2026-10-06T02:05:40.014321","level":"info","event":"[2026-10-06 02:05:40] ========================================","logger":"airflow.task.hooks.airflow.providers.standard.hooks.subprocess.SubprocessHook"}
{"timestamp":"2026-10-06T02:05:40.014353","level":"info","event":"[2026-10-06 02:05:40] Checking NULL / empty values...","logger":"airflow.task.hooks.airflow.providers.standard.hooks.subprocess.SubprocessHook"}
{"timestamp":"2026-10-06T02:05:40.027450","level":"info","event":"[2026-10-06 02:05:40] NULL / empty value check passed.","logger":"airflow.task.hooks.airflow.providers.standard.hooks.subprocess.SubprocessHook"}
{"timestamp":"2026-10-06T02:05:40.027667","level":"info","event":"[2026-10-06 02:05:40] Checking duplicate city + weather_time...","logger":"airflow.task.hooks.airflow.providers.standard.hooks.subprocess.SubprocessHook"}
{"timestamp":"2026-10-06T02:05:40.035497","level":"info","event":"[2026-10-06 02:05:40] Duplicate check passed.","logger":"airflow.task.hooks.airflow.providers.standard.hooks.subprocess.SubprocessHook"}
{"timestamp":"2026-10-06T02:05:40.035626","level":"info","event":"[2026-10-06 02:05:40] Checking invalid measurement values...","logger":"airflow.task.hooks.airflow.providers.standard.hooks.subprocess.SubprocessHook"}
{"timestamp":"2026-10-06T02:05:40.037271","level":"info","event":"[2026-10-06 02:05:40] Rows quarantined: 0","logger":"airflow.task.hooks.airflow.providers.standard.hooks.subprocess.SubprocessHook"}
{"timestamp":"2026-10-06T02:05:40.037394","level":"info","event":"[2026-10-06 02:05:40] ========================================","logger":"airflow.task.hooks.airflow.providers.standard.hooks.subprocess.SubprocessHook"}
{"timestamp":"2026-10-06T02:05:40.037442","level":"info","event":"[2026-10-06 02:05:40] STAGING DATA QUALITY PASSED","logger":"airflow.task.hooks.airflow.providers.standard.hooks.subprocess.SubprocessHook"}
{"timestamp":"2026-10-06T02:05:40.037475","level":"info","event":"[2026-10-06 02:05:40] ========================================","logger":"airflow.task.hooks.airflow.providers.standard.hooks.subprocess.SubprocessHook"}
{"timestamp":"2026-10-06T02:05:40.072021","level":"info","event":"Command exited with return code 0","logger":"airflow.task.hooks.airflow.providers.standard.hooks.subprocess.SubprocessHook"}
{"timestamp":"2026-10-06T02:05:40.072940","level":"info","event":"Pushing xcom","ti":"RuntimeTaskInstance(id=UUID('01a10ef4-e75d-76cf-be59-7b8df0285c86'), task_id='data_quality_staging', dag_id='weather_pipeline', run_id='scheduled__2026-10-05T23:00:00+00:00', try_number=1, map_index=-1, hostname='c98161626874', context_carrier=None, task=<Task(BashOperator): data_quality_staging>, bundle_instance=LocalDagBundle(name=dags-folder), max_tries=2, start_date=datetime.datetime(2026, 10, 6, 2, 5, 35, 397975, tzinfo=datetime.timezone.utc), end_date=None, state=<TaskInstanceState.RUNNING: 'running'>, is_mapped=False, rendered_map_index=None, log_url='http://localhost:8080/dags/weather_pipeline/runs/scheduled__2026-10-05T23%3A00%3A00%2B00%3A00/tasks/data_quality_staging?try_number=1')","logger":"task"}
{"timestamp":"2026-10-06T02:05:41.135582","level":"info","event":"OpenLineageClient will use `http` transport","logger":"openlineage.client.client"}
{"timestamp":"2026-10-06T02:05:41.720970","level":"info","event":"Successfully emitted OpenLineage `COMPLETE` event of id `01a10e4b-a180-7fe5-8b65-b701a658246e`","logger":"airflow.providers.openlineage.plugins.adapter.OpenLineageAdapter"}
