{"timestamp":"2026-10-05T09:53:49.173909","level":"info","event":"DAG bundles loaded: dags-folder","logger":"airflow.dag_processing.bundles.manager.DagBundlesManager"}
{"timestamp":"2026-10-05T09:53:49.174484","level":"info","event":"Filling up the DagBag from /opt/airflow/dags/weather_pipeline.py","logger":"airflow.models.dagbag.DagBag"}
{"timestamp":"2026-10-05T09:53:49.234731","level":"warning","event":"This process (pid=57) is multi-threaded, use of fork() may lead to deadlocks in the child.","category":"DeprecationWarning","filename":"/home/airflow/.local/lib/python3.12/site-packages/airflow/providers/openlineage/plugins/listener.py","lineno":575,"logger":"py.warnings"}
{"timestamp":"2026-10-05T09:53:49.247978","level":"info","event":"OpenLineageClient will use `http` transport","logger":"openlineage.client.client"}
{"timestamp":"2026-10-05T09:53:52.061567","level":"info","event":"Successfully emitted OpenLineage `START` event of id `01a10b7b-6c96-704c-96de-9d91af47fa13`","logger":"airflow.providers.openlineage.plugins.adapter.OpenLineageAdapter"}
{"timestamp":"2026-10-05T09:53:52.100491","level":"info","event":"Tmp dir root location: /tmp","logger":"airflow.task.hooks.airflow.providers.standard.hooks.subprocess.SubprocessHook"}
{"timestamp":"2026-10-05T09:53:52.102013","level":"info","event":"Running command: ['/usr/bin/bash', '-c', 'PGPASSWORD=\"$POSTGRES_PASSWORD\" psql -h \"$POSTGRES_HOST\" -p \"$POSTGRES_PORT\" -U \"$POSTGRES_USER\" -d \"$POSTGRES_DB\" -f /opt/airflow/sql/data_quality.sql']","logger":"airflow.task.hooks.airflow.providers.standard.hooks.subprocess.SubprocessHook"}
{"timestamp":"2026-10-05T09:53:52.113686","level":"info","event":"Output:","logger":"airflow.task.hooks.airflow.providers.standard.hooks.subprocess.SubprocessHook"}
{"timestamp":"2026-10-05T09:53:52.162566","level":"info","event":" invalid_rows","logger":"airflow.task.hooks.airflow.providers.standard.hooks.subprocess.SubprocessHook"}
{"timestamp":"2026-10-05T09:53:52.162715","level":"info","event":"--------------","logger":"airflow.task.hooks.airflow.providers.standard.hooks.subprocess.SubprocessHook"}
{"timestamp":"2026-10-05T09:53:52.162763","level":"info","event":"            0","logger":"airflow.task.hooks.airflow.providers.standard.hooks.subprocess.SubprocessHook"}
{"timestamp":"2026-10-05T09:53:52.162796","level":"info","event":"(1 row)","logger":"airflow.task.hooks.airflow.providers.standard.hooks.subprocess.SubprocessHook"}
{"timestamp":"2026-10-05T09:53:52.162823","level":"info","event":"","logger":"airflow.task.hooks.airflow.providers.standard.hooks.subprocess.SubprocessHook"}
{"timestamp":"2026-10-05T09:53:52.163807","level":"info","event":" city_key | weather_time | duplicate_count","logger":"airflow.task.hooks.airflow.providers.standard.hooks.subprocess.SubprocessHook"}
{"timestamp":"2026-10-05T09:53:52.163895","level":"info","event":"----------+--------------+-----------------","logger":"airflow.task.hooks.airflow.providers.standard.hooks.subprocess.SubprocessHook"}
{"timestamp":"2026-10-05T09:53:52.163924","level":"info","event":"(0 rows)","logger":"airflow.task.hooks.airflow.providers.standard.hooks.subprocess.SubprocessHook"}
{"timestamp":"2026-10-05T09:53:52.163954","level":"info","event":"","logger":"airflow.task.hooks.airflow.providers.standard.hooks.subprocess.SubprocessHook"}
{"timestamp":"2026-10-05T09:53:52.164647","level":"info","event":" invalid_rows","logger":"airflow.task.hooks.airflow.providers.standard.hooks.subprocess.SubprocessHook"}
{"timestamp":"2026-10-05T09:53:52.164723","level":"info","event":"--------------","logger":"airflow.task.hooks.airflow.providers.standard.hooks.subprocess.SubprocessHook"}
{"timestamp":"2026-10-05T09:53:52.164758","level":"info","event":"            0","logger":"airflow.task.hooks.airflow.providers.standard.hooks.subprocess.SubprocessHook"}
{"timestamp":"2026-10-05T09:53:52.164781","level":"info","event":"(1 row)","logger":"airflow.task.hooks.airflow.providers.standard.hooks.subprocess.SubprocessHook"}
{"timestamp":"2026-10-05T09:53:52.164809","level":"info","event":"","logger":"airflow.task.hooks.airflow.providers.standard.hooks.subprocess.SubprocessHook"}
{"timestamp":"2026-10-05T09:53:52.165159","level":"info","event":" invalid_rows","logger":"airflow.task.hooks.airflow.providers.standard.hooks.subprocess.SubprocessHook"}
{"timestamp":"2026-10-05T09:53:52.165251","level":"info","event":"--------------","logger":"airflow.task.hooks.airflow.providers.standard.hooks.subprocess.SubprocessHook"}
{"timestamp":"2026-10-05T09:53:52.165307","level":"info","event":"            0","logger":"airflow.task.hooks.airflow.providers.standard.hooks.subprocess.SubprocessHook"}
{"timestamp":"2026-10-05T09:53:52.165342","level":"info","event":"(1 row)","logger":"airflow.task.hooks.airflow.providers.standard.hooks.subprocess.SubprocessHook"}
{"timestamp":"2026-10-05T09:53:52.165371","level":"info","event":"","logger":"airflow.task.hooks.airflow.providers.standard.hooks.subprocess.SubprocessHook"}
{"timestamp":"2026-10-05T09:53:52.165715","level":"info","event":" invalid_rows","logger":"airflow.task.hooks.airflow.providers.standard.hooks.subprocess.SubprocessHook"}
{"timestamp":"2026-10-05T09:53:52.165773","level":"info","event":"--------------","logger":"airflow.task.hooks.airflow.providers.standard.hooks.subprocess.SubprocessHook"}
{"timestamp":"2026-10-05T09:53:52.165801","level":"info","event":"            0","logger":"airflow.task.hooks.airflow.providers.standard.hooks.subprocess.SubprocessHook"}
{"timestamp":"2026-10-05T09:53:52.165825","level":"info","event":"(1 row)","logger":"airflow.task.hooks.airflow.providers.standard.hooks.subprocess.SubprocessHook"}
{"timestamp":"2026-10-05T09:53:52.165854","level":"info","event":"","logger":"airflow.task.hooks.airflow.providers.standard.hooks.subprocess.SubprocessHook"}
{"timestamp":"2026-10-05T09:53:52.166093","level":"info","event":" invalid_rows","logger":"airflow.task.hooks.airflow.providers.standard.hooks.subprocess.SubprocessHook"}
{"timestamp":"2026-10-05T09:53:52.166152","level":"info","event":"--------------","logger":"airflow.task.hooks.airflow.providers.standard.hooks.subprocess.SubprocessHook"}
{"timestamp":"2026-10-05T09:53:52.166183","level":"info","event":"            0","logger":"airflow.task.hooks.airflow.providers.standard.hooks.subprocess.SubprocessHook"}
{"timestamp":"2026-10-05T09:53:52.166209","level":"info","event":"(1 row)","logger":"airflow.task.hooks.airflow.providers.standard.hooks.subprocess.SubprocessHook"}
{"timestamp":"2026-10-05T09:53:52.166240","level":"info","event":"","logger":"airflow.task.hooks.airflow.providers.standard.hooks.subprocess.SubprocessHook"}
{"timestamp":"2026-10-05T09:53:52.166720","level":"info","event":" invalid_rows","logger":"airflow.task.hooks.airflow.providers.standard.hooks.subprocess.SubprocessHook"}
{"timestamp":"2026-10-05T09:53:52.166780","level":"info","event":"--------------","logger":"airflow.task.hooks.airflow.providers.standard.hooks.subprocess.SubprocessHook"}
{"timestamp":"2026-10-05T09:53:52.166813","level":"info","event":"            0","logger":"airflow.task.hooks.airflow.providers.standard.hooks.subprocess.SubprocessHook"}
{"timestamp":"2026-10-05T09:53:52.166839","level":"info","event":"(1 row)","logger":"airflow.task.hooks.airflow.providers.standard.hooks.subprocess.SubprocessHook"}
{"timestamp":"2026-10-05T09:53:52.166865","level":"info","event":"","logger":"airflow.task.hooks.airflow.providers.standard.hooks.subprocess.SubprocessHook"}
{"timestamp":"2026-10-05T09:53:52.168015","level":"info","event":" city_name | observation_count |    min_weather_time    |    max_weather_time","logger":"airflow.task.hooks.airflow.providers.standard.hooks.subprocess.SubprocessHook"}
{"timestamp":"2026-10-05T09:53:52.168102","level":"info","event":"-----------+-------------------+------------------------+------------------------","logger":"airflow.task.hooks.airflow.providers.standard.hooks.subprocess.SubprocessHook"}
{"timestamp":"2026-10-05T09:53:52.168134","level":"info","event":" Bandung   |               384 | 2026-09-19 17:00:00+00 | 2026-10-05 16:00:00+00","logger":"airflow.task.hooks.airflow.providers.standard.hooks.subprocess.SubprocessHook"}
{"timestamp":"2026-10-05T09:53:52.168160","level":"info","event":" Jakarta   |               384 | 2026-09-19 17:00:00+00 | 2026-10-05 16:00:00+00","logger":"airflow.task.hooks.airflow.providers.standard.hooks.subprocess.SubprocessHook"}
{"timestamp":"2026-10-05T09:53:52.168183","level":"info","event":" Surabaya  |               384 | 2026-09-19 17:00:00+00 | 2026-10-05 16:00:00+00","logger":"airflow.task.hooks.airflow.providers.standard.hooks.subprocess.SubprocessHook"}
{"timestamp":"2026-10-05T09:53:52.168218","level":"info","event":"(3 rows)","logger":"airflow.task.hooks.airflow.providers.standard.hooks.subprocess.SubprocessHook"}
{"timestamp":"2026-10-05T09:53:52.168245","level":"info","event":"","logger":"airflow.task.hooks.airflow.providers.standard.hooks.subprocess.SubprocessHook"}
{"timestamp":"2026-10-05T09:53:52.169847","level":"info","event":"Command exited with return code 0","logger":"airflow.task.hooks.airflow.providers.standard.hooks.subprocess.SubprocessHook"}
{"timestamp":"2026-10-05T09:53:52.170532","level":"info","event":"Pushing xcom","ti":"RuntimeTaskInstance(id=UUID('01a10b7b-6f80-728e-96a7-4460a59db3ab'), task_id='data_quality', dag_id='weather_pipeline', run_id='manual__2026-10-05T09:53:21.254367+00:00', try_number=1, map_index=-1, hostname='60ed19eb7103', context_carrier=None, task=<Task(BashOperator): data_quality>, bundle_instance=LocalDagBundle(name=dags-folder), max_tries=2, start_date=datetime.datetime(2026, 10, 5, 9, 53, 49, 146233, tzinfo=datetime.timezone.utc), end_date=None, state=<TaskInstanceState.RUNNING: 'running'>, is_mapped=False, rendered_map_index=None, log_url='http://localhost:8080/dags/weather_pipeline/runs/manual__2026-10-05T09%3A53%3A21.254367%2B00%3A00/tasks/data_quality?try_number=1')","logger":"task"}
{"timestamp":"2026-10-05T09:53:52.319366","level":"info","event":"OpenLineageClient will use `http` transport","logger":"openlineage.client.client"}
{"timestamp":"2026-10-05T09:53:52.375672","level":"info","event":"Successfully emitted OpenLineage `COMPLETE` event of id `01a10b7b-6c96-704c-96de-9d91af47fa13`","logger":"airflow.providers.openlineage.plugins.adapter.OpenLineageAdapter"}
