{"timestamp":"2026-10-06T02:05:46.021177","level":"info","event":"DAG bundles loaded: dags-folder","logger":"airflow.dag_processing.bundles.manager.DagBundlesManager"}
{"timestamp":"2026-10-06T02:05:46.023047","level":"info","event":"Filling up the DagBag from /opt/airflow/dags/weather_pipeline.py","logger":"airflow.models.dagbag.DagBag"}
{"timestamp":"2026-10-06T02:05:46.164228","level":"warning","event":"This process (pid=489) is multi-threaded, use of fork() may lead to deadlocks in the child.","category":"DeprecationWarning","filename":"/home/airflow/.local/lib/python3.12/site-packages/airflow/providers/openlineage/plugins/listener.py","lineno":768,"logger":"py.warnings"}
{"timestamp":"2026-10-06T02:05:47.808702","level":"info","event":"OpenLineageClient will use `http` transport","logger":"openlineage.client.client"}
{"timestamp":"2026-10-06T02:05:47.934492","level":"info","event":"Successfully emitted OpenLineage `START` event of id `01a10e4b-a180-7c10-a079-1ce3b005e98f`","logger":"airflow.providers.openlineage.plugins.adapter.OpenLineageAdapter"}
{"timestamp":"2026-10-06T02:05:47.974664","level":"info","event":"Tmp dir root location: /tmp","logger":"airflow.task.hooks.airflow.providers.standard.hooks.subprocess.SubprocessHook"}
{"timestamp":"2026-10-06T02:05:47.976556","level":"info","event":"Running command: ['/usr/bin/bash', '-c', 'python /opt/airflow/src/data_quality_mart.py']","logger":"airflow.task.hooks.airflow.providers.standard.hooks.subprocess.SubprocessHook"}
{"timestamp":"2026-10-06T02:05:47.989514","level":"info","event":"Output:","logger":"airflow.task.hooks.airflow.providers.standard.hooks.subprocess.SubprocessHook"}
{"timestamp":"2026-10-06T02:05:49.028842","level":"info","event":"[2026-10-06 02:05:49] ========================================","logger":"airflow.task.hooks.airflow.providers.standard.hooks.subprocess.SubprocessHook"}
{"timestamp":"2026-10-06T02:05:49.029286","level":"info","event":"[2026-10-06 02:05:49] MART DATA QUALITY CHECK","logger":"airflow.task.hooks.airflow.providers.standard.hooks.subprocess.SubprocessHook"}
{"timestamp":"2026-10-06T02:05:49.029512","level":"info","event":"[2026-10-06 02:05:49] ========================================","logger":"airflow.task.hooks.airflow.providers.standard.hooks.subprocess.SubprocessHook"}
{"timestamp":"2026-10-06T02:05:49.029646","level":"info","event":"[2026-10-06 02:05:49] Checking city referential integrity...","logger":"airflow.task.hooks.airflow.providers.standard.hooks.subprocess.SubprocessHook"}
{"timestamp":"2026-10-06T02:05:49.055831","level":"info","event":"[2026-10-06 02:05:49] City referential integrity passed.","logger":"airflow.task.hooks.airflow.providers.standard.hooks.subprocess.SubprocessHook"}
{"timestamp":"2026-10-06T02:05:49.056329","level":"info","event":"[2026-10-06 02:05:49] Checking date referential integrity...","logger":"airflow.task.hooks.airflow.providers.standard.hooks.subprocess.SubprocessHook"}
{"timestamp":"2026-10-06T02:05:49.059589","level":"info","event":"[2026-10-06 02:05:49] Date referential integrity passed.","logger":"airflow.task.hooks.airflow.providers.standard.hooks.subprocess.SubprocessHook"}
{"timestamp":"2026-10-06T02:05:49.059950","level":"info","event":"[2026-10-06 02:05:49] Checking observation coverage...","logger":"airflow.task.hooks.airflow.providers.standard.hooks.subprocess.SubprocessHook"}
{"timestamp":"2026-10-06T02:05:49.064430","level":"info","event":"[2026-10-06 02:05:49] City=Bandung | Observations=390 | From=2026-09-19 17:00:00+00:00 | To=2026-10-06 01:00:00+00:00","logger":"airflow.task.hooks.airflow.providers.standard.hooks.subprocess.SubprocessHook"}
{"timestamp":"2026-10-06T02:05:49.064790","level":"info","event":"[2026-10-06 02:05:49] City=Jakarta | Observations=390 | From=2026-09-19 17:00:00+00:00 | To=2026-10-06 01:00:00+00:00","logger":"airflow.task.hooks.airflow.providers.standard.hooks.subprocess.SubprocessHook"}
{"timestamp":"2026-10-06T02:05:49.064997","level":"info","event":"[2026-10-06 02:05:49] City=Surabaya | Observations=390 | From=2026-09-19 17:00:00+00:00 | To=2026-10-06 01:00:00+00:00","logger":"airflow.task.hooks.airflow.providers.standard.hooks.subprocess.SubprocessHook"}
{"timestamp":"2026-10-06T02:05:49.065199","level":"info","event":"[2026-10-06 02:05:49] Observation coverage check completed.","logger":"airflow.task.hooks.airflow.providers.standard.hooks.subprocess.SubprocessHook"}
{"timestamp":"2026-10-06T02:05:49.065346","level":"info","event":"[2026-10-06 02:05:49] ========================================","logger":"airflow.task.hooks.airflow.providers.standard.hooks.subprocess.SubprocessHook"}
{"timestamp":"2026-10-06T02:05:49.065477","level":"info","event":"[2026-10-06 02:05:49] MART DATA QUALITY COMPLETED","logger":"airflow.task.hooks.airflow.providers.standard.hooks.subprocess.SubprocessHook"}
{"timestamp":"2026-10-06T02:05:49.065602","level":"info","event":"[2026-10-06 02:05:49] ========================================","logger":"airflow.task.hooks.airflow.providers.standard.hooks.subprocess.SubprocessHook"}
{"timestamp":"2026-10-06T02:05:49.154610","level":"info","event":"Command exited with return code 0","logger":"airflow.task.hooks.airflow.providers.standard.hooks.subprocess.SubprocessHook"}
{"timestamp":"2026-10-06T02:05:49.156424","level":"info","event":"Pushing xcom","ti":"RuntimeTaskInstance(id=UUID('01a10ef4-e75f-79e0-b1a9-a70a6e44d804'), task_id='data_quality_mart', dag_id='weather_pipeline', run_id='scheduled__2026-10-05T23:00:00+00:00', try_number=1, map_index=-1, hostname='c98161626874', context_carrier=None, task=<Task(BashOperator): data_quality_mart>, bundle_instance=LocalDagBundle(name=dags-folder), max_tries=2, start_date=datetime.datetime(2026, 10, 6, 2, 5, 45, 883517, tzinfo=datetime.timezone.utc), end_date=None, state=<TaskInstanceState.RUNNING: 'running'>, is_mapped=False, rendered_map_index=None, log_url='http://localhost:8080/dags/weather_pipeline/runs/scheduled__2026-10-05T23%3A00%3A00%2B00%3A00/tasks/data_quality_mart?try_number=1')","logger":"task"}
{"timestamp":"2026-10-06T02:05:50.307854","level":"info","event":"OpenLineageClient will use `http` transport","logger":"openlineage.client.client"}
{"timestamp":"2026-10-06T02:05:54.418490","level":"info","event":"Successfully emitted OpenLineage `COMPLETE` event of id `01a10e4b-a180-7c10-a079-1ce3b005e98f`","logger":"airflow.providers.openlineage.plugins.adapter.OpenLineageAdapter"}
