{"timestamp":"2026-10-05T11:41:49.486208","level":"info","event":"DAG bundles loaded: dags-folder","logger":"airflow.dag_processing.bundles.manager.DagBundlesManager"}
{"timestamp":"2026-10-05T11:41:49.486887","level":"info","event":"Filling up the DagBag from /opt/airflow/dags/weather_pipeline.py","logger":"airflow.models.dagbag.DagBag"}
{"timestamp":"2026-10-05T11:41:49.875371","level":"warning","event":"This process (pid=269) is multi-threaded, use of fork() may lead to deadlocks in the child.","category":"DeprecationWarning","filename":"/home/airflow/.local/lib/python3.12/site-packages/airflow/providers/openlineage/plugins/listener.py","lineno":768,"logger":"py.warnings"}
{"timestamp":"2026-10-05T11:41:50.399234","level":"info","event":"OpenLineageClient will use `http` transport","logger":"openlineage.client.client"}
{"timestamp":"2026-10-05T11:41:54.136888","level":"info","event":"Successfully emitted OpenLineage `START` event of id `01a10bde-1fdd-77a7-b87f-3374456c0446`","logger":"airflow.providers.openlineage.plugins.adapter.OpenLineageAdapter"}
{"timestamp":"2026-10-05T11:41:54.178373","level":"info","event":"Tmp dir root location: /tmp","logger":"airflow.task.hooks.airflow.providers.standard.hooks.subprocess.SubprocessHook"}
{"timestamp":"2026-10-05T11:41:54.179256","level":"info","event":"Running command: ['/usr/bin/bash', '-c', 'PGPASSWORD=\"$POSTGRES_PASSWORD\" psql -h \"$POSTGRES_HOST\" -p \"$POSTGRES_PORT\" -U \"$POSTGRES_USER\" -d \"$POSTGRES_DB\" -f /opt/airflow/sql/data_quality.sql']","logger":"airflow.task.hooks.airflow.providers.standard.hooks.subprocess.SubprocessHook"}
{"timestamp":"2026-10-05T11:41:54.193088","level":"info","event":"Output:","logger":"airflow.task.hooks.airflow.providers.standard.hooks.subprocess.SubprocessHook"}
{"timestamp":"2026-10-05T11:41:54.255645","level":"info","event":" invalid_rows","logger":"airflow.task.hooks.airflow.providers.standard.hooks.subprocess.SubprocessHook"}
{"timestamp":"2026-10-05T11:41:54.255897","level":"info","event":"--------------","logger":"airflow.task.hooks.airflow.providers.standard.hooks.subprocess.SubprocessHook"}
{"timestamp":"2026-10-05T11:41:54.255999","level":"info","event":"            0","logger":"airflow.task.hooks.airflow.providers.standard.hooks.subprocess.SubprocessHook"}
{"timestamp":"2026-10-05T11:41:54.256100","level":"info","event":"(1 row)","logger":"airflow.task.hooks.airflow.providers.standard.hooks.subprocess.SubprocessHook"}
{"timestamp":"2026-10-05T11:41:54.256378","level":"info","event":"","logger":"airflow.task.hooks.airflow.providers.standard.hooks.subprocess.SubprocessHook"}
{"timestamp":"2026-10-05T11:41:54.256895","level":"info","event":" city_key | weather_time | duplicate_count","logger":"airflow.task.hooks.airflow.providers.standard.hooks.subprocess.SubprocessHook"}
{"timestamp":"2026-10-05T11:41:54.257018","level":"info","event":"----------+--------------+-----------------","logger":"airflow.task.hooks.airflow.providers.standard.hooks.subprocess.SubprocessHook"}
{"timestamp":"2026-10-05T11:41:54.257090","level":"info","event":"(0 rows)","logger":"airflow.task.hooks.airflow.providers.standard.hooks.subprocess.SubprocessHook"}
{"timestamp":"2026-10-05T11:41:54.257149","level":"info","event":"","logger":"airflow.task.hooks.airflow.providers.standard.hooks.subprocess.SubprocessHook"}
{"timestamp":"2026-10-05T11:41:54.258001","level":"info","event":" invalid_rows","logger":"airflow.task.hooks.airflow.providers.standard.hooks.subprocess.SubprocessHook"}
{"timestamp":"2026-10-05T11:41:54.258111","level":"info","event":"--------------","logger":"airflow.task.hooks.airflow.providers.standard.hooks.subprocess.SubprocessHook"}
{"timestamp":"2026-10-05T11:41:54.258179","level":"info","event":"            0","logger":"airflow.task.hooks.airflow.providers.standard.hooks.subprocess.SubprocessHook"}
{"timestamp":"2026-10-05T11:41:54.258236","level":"info","event":"(1 row)","logger":"airflow.task.hooks.airflow.providers.standard.hooks.subprocess.SubprocessHook"}
{"timestamp":"2026-10-05T11:41:54.258290","level":"info","event":"","logger":"airflow.task.hooks.airflow.providers.standard.hooks.subprocess.SubprocessHook"}
{"timestamp":"2026-10-05T11:41:54.258671","level":"info","event":" invalid_rows","logger":"airflow.task.hooks.airflow.providers.standard.hooks.subprocess.SubprocessHook"}
{"timestamp":"2026-10-05T11:41:54.258802","level":"info","event":"--------------","logger":"airflow.task.hooks.airflow.providers.standard.hooks.subprocess.SubprocessHook"}
{"timestamp":"2026-10-05T11:41:54.258880","level":"info","event":"            0","logger":"airflow.task.hooks.airflow.providers.standard.hooks.subprocess.SubprocessHook"}
{"timestamp":"2026-10-05T11:41:54.258953","level":"info","event":"(1 row)","logger":"airflow.task.hooks.airflow.providers.standard.hooks.subprocess.SubprocessHook"}
{"timestamp":"2026-10-05T11:41:54.259243","level":"info","event":"","logger":"airflow.task.hooks.airflow.providers.standard.hooks.subprocess.SubprocessHook"}
{"timestamp":"2026-10-05T11:41:54.259393","level":"info","event":" invalid_rows","logger":"airflow.task.hooks.airflow.providers.standard.hooks.subprocess.SubprocessHook"}
{"timestamp":"2026-10-05T11:41:54.259521","level":"info","event":"--------------","logger":"airflow.task.hooks.airflow.providers.standard.hooks.subprocess.SubprocessHook"}
{"timestamp":"2026-10-05T11:41:54.259601","level":"info","event":"            0","logger":"airflow.task.hooks.airflow.providers.standard.hooks.subprocess.SubprocessHook"}
{"timestamp":"2026-10-05T11:41:54.259671","level":"info","event":"(1 row)","logger":"airflow.task.hooks.airflow.providers.standard.hooks.subprocess.SubprocessHook"}
{"timestamp":"2026-10-05T11:41:54.259729","level":"info","event":"","logger":"airflow.task.hooks.airflow.providers.standard.hooks.subprocess.SubprocessHook"}
{"timestamp":"2026-10-05T11:41:54.260560","level":"info","event":" invalid_rows","logger":"airflow.task.hooks.airflow.providers.standard.hooks.subprocess.SubprocessHook"}
{"timestamp":"2026-10-05T11:41:54.260724","level":"info","event":"--------------","logger":"airflow.task.hooks.airflow.providers.standard.hooks.subprocess.SubprocessHook"}
{"timestamp":"2026-10-05T11:41:54.260787","level":"info","event":"            0","logger":"airflow.task.hooks.airflow.providers.standard.hooks.subprocess.SubprocessHook"}
{"timestamp":"2026-10-05T11:41:54.260826","level":"info","event":"(1 row)","logger":"airflow.task.hooks.airflow.providers.standard.hooks.subprocess.SubprocessHook"}
{"timestamp":"2026-10-05T11:41:54.260863","level":"info","event":"","logger":"airflow.task.hooks.airflow.providers.standard.hooks.subprocess.SubprocessHook"}
{"timestamp":"2026-10-05T11:41:54.261558","level":"info","event":" invalid_rows","logger":"airflow.task.hooks.airflow.providers.standard.hooks.subprocess.SubprocessHook"}
{"timestamp":"2026-10-05T11:41:54.261690","level":"info","event":"--------------","logger":"airflow.task.hooks.airflow.providers.standard.hooks.subprocess.SubprocessHook"}
{"timestamp":"2026-10-05T11:41:54.261742","level":"info","event":"            0","logger":"airflow.task.hooks.airflow.providers.standard.hooks.subprocess.SubprocessHook"}
{"timestamp":"2026-10-05T11:41:54.261777","level":"info","event":"(1 row)","logger":"airflow.task.hooks.airflow.providers.standard.hooks.subprocess.SubprocessHook"}
{"timestamp":"2026-10-05T11:41:54.261810","level":"info","event":"","logger":"airflow.task.hooks.airflow.providers.standard.hooks.subprocess.SubprocessHook"}
{"timestamp":"2026-10-05T11:41:54.263518","level":"info","event":" city_name | observation_count |    min_weather_time    |    max_weather_time","logger":"airflow.task.hooks.airflow.providers.standard.hooks.subprocess.SubprocessHook"}
{"timestamp":"2026-10-05T11:41:54.263643","level":"info","event":"-----------+-------------------+------------------------+------------------------","logger":"airflow.task.hooks.airflow.providers.standard.hooks.subprocess.SubprocessHook"}
{"timestamp":"2026-10-05T11:41:54.263691","level":"info","event":" Bandung   |               384 | 2026-09-19 17:00:00+00 | 2026-10-05 16:00:00+00","logger":"airflow.task.hooks.airflow.providers.standard.hooks.subprocess.SubprocessHook"}
{"timestamp":"2026-10-05T11:41:54.263724","level":"info","event":" Jakarta   |               384 | 2026-09-19 17:00:00+00 | 2026-10-05 16:00:00+00","logger":"airflow.task.hooks.airflow.providers.standard.hooks.subprocess.SubprocessHook"}
{"timestamp":"2026-10-05T11:41:54.263754","level":"info","event":" Surabaya  |               384 | 2026-09-19 17:00:00+00 | 2026-10-05 16:00:00+00","logger":"airflow.task.hooks.airflow.providers.standard.hooks.subprocess.SubprocessHook"}
{"timestamp":"2026-10-05T11:41:54.263782","level":"info","event":"(3 rows)","logger":"airflow.task.hooks.airflow.providers.standard.hooks.subprocess.SubprocessHook"}
{"timestamp":"2026-10-05T11:41:54.263812","level":"info","event":"","logger":"airflow.task.hooks.airflow.providers.standard.hooks.subprocess.SubprocessHook"}
{"timestamp":"2026-10-05T11:41:54.266195","level":"info","event":"Command exited with return code 0","logger":"airflow.task.hooks.airflow.providers.standard.hooks.subprocess.SubprocessHook"}
{"timestamp":"2026-10-05T11:41:54.267099","level":"info","event":"Pushing xcom","ti":"RuntimeTaskInstance(id=UUID('01a10bde-2432-7378-9681-dd2907513e11'), task_id='data_quality', dag_id='weather_pipeline', run_id='manual__2026-10-05T11:41:10.040053+00:00', try_number=1, map_index=-1, hostname='c98161626874', context_carrier=None, task=<Task(BashOperator): data_quality>, bundle_instance=LocalDagBundle(name=dags-folder), max_tries=2, start_date=datetime.datetime(2026, 10, 5, 11, 41, 49, 441755, tzinfo=datetime.timezone.utc), end_date=None, state=<TaskInstanceState.RUNNING: 'running'>, is_mapped=False, rendered_map_index=None, log_url='http://localhost:8080/dags/weather_pipeline/runs/manual__2026-10-05T11%3A41%3A10.040053%2B00%3A00/tasks/data_quality?try_number=1')","logger":"task"}
{"timestamp":"2026-10-05T11:41:54.881816","level":"info","event":"OpenLineageClient will use `http` transport","logger":"openlineage.client.client"}
{"timestamp":"2026-10-05T11:41:55.398120","level":"info","event":"Successfully emitted OpenLineage `COMPLETE` event of id `01a10bde-1fdd-77a7-b87f-3374456c0446`","logger":"airflow.providers.openlineage.plugins.adapter.OpenLineageAdapter"}
