{"timestamp":"2026-10-06T02:12:59.340200","level":"info","event":"DAG bundles loaded: dags-folder","logger":"airflow.dag_processing.bundles.manager.DagBundlesManager"}
{"timestamp":"2026-10-06T02:12:59.341480","level":"info","event":"Filling up the DagBag from /opt/airflow/dags/weather_pipeline.py","logger":"airflow.models.dagbag.DagBag"}
{"timestamp":"2026-10-06T02:13:00.076750","level":"warning","event":"This process (pid=592) is multi-threaded, use of fork() may lead to deadlocks in the child.","category":"DeprecationWarning","filename":"/home/airflow/.local/lib/python3.12/site-packages/airflow/providers/openlineage/plugins/listener.py","lineno":768,"logger":"py.warnings"}
{"timestamp":"2026-10-06T02:13:00.645205","level":"info","event":"OpenLineageClient will use `http` transport","logger":"openlineage.client.client"}
{"timestamp":"2026-10-06T02:13:01.147992","level":"info","event":"Successfully emitted OpenLineage `START` event of id `01a10efb-8915-75f2-8968-0319ff476558`","logger":"airflow.providers.openlineage.plugins.adapter.OpenLineageAdapter"}
{"timestamp":"2026-10-06T02:13:01.181050","level":"info","event":"Tmp dir root location: /tmp","logger":"airflow.task.hooks.airflow.providers.standard.hooks.subprocess.SubprocessHook"}
{"timestamp":"2026-10-06T02:13:01.182046","level":"info","event":"Running command: ['/usr/bin/bash', '-c', 'python /opt/airflow/src/data_quality_mart.py']","logger":"airflow.task.hooks.airflow.providers.standard.hooks.subprocess.SubprocessHook"}
{"timestamp":"2026-10-06T02:13:01.190160","level":"info","event":"Output:","logger":"airflow.task.hooks.airflow.providers.standard.hooks.subprocess.SubprocessHook"}
{"timestamp":"2026-10-06T02:13:01.890101","level":"info","event":"[2026-10-06 02:13:01] ========================================","logger":"airflow.task.hooks.airflow.providers.standard.hooks.subprocess.SubprocessHook"}
{"timestamp":"2026-10-06T02:13:01.890273","level":"info","event":"[2026-10-06 02:13:01] MART DATA QUALITY CHECK","logger":"airflow.task.hooks.airflow.providers.standard.hooks.subprocess.SubprocessHook"}
{"timestamp":"2026-10-06T02:13:01.890332","level":"info","event":"[2026-10-06 02:13:01] ========================================","logger":"airflow.task.hooks.airflow.providers.standard.hooks.subprocess.SubprocessHook"}
{"timestamp":"2026-10-06T02:13:01.890371","level":"info","event":"[2026-10-06 02:13:01] Checking city referential integrity...","logger":"airflow.task.hooks.airflow.providers.standard.hooks.subprocess.SubprocessHook"}
{"timestamp":"2026-10-06T02:13:01.904732","level":"info","event":"[2026-10-06 02:13:01] City referential integrity passed.","logger":"airflow.task.hooks.airflow.providers.standard.hooks.subprocess.SubprocessHook"}
{"timestamp":"2026-10-06T02:13:01.904902","level":"info","event":"[2026-10-06 02:13:01] Checking date referential integrity...","logger":"airflow.task.hooks.airflow.providers.standard.hooks.subprocess.SubprocessHook"}
{"timestamp":"2026-10-06T02:13:01.907053","level":"info","event":"[2026-10-06 02:13:01] Date referential integrity passed.","logger":"airflow.task.hooks.airflow.providers.standard.hooks.subprocess.SubprocessHook"}
{"timestamp":"2026-10-06T02:13:01.907222","level":"info","event":"[2026-10-06 02:13:01] Checking observation coverage...","logger":"airflow.task.hooks.airflow.providers.standard.hooks.subprocess.SubprocessHook"}
{"timestamp":"2026-10-06T02:13:01.909104","level":"info","event":"[2026-10-06 02:13:01] City=Bandung | Observations=390 | From=2026-09-19 17:00:00+00:00 | To=2026-10-06 01:00:00+00:00","logger":"airflow.task.hooks.airflow.providers.standard.hooks.subprocess.SubprocessHook"}
{"timestamp":"2026-10-06T02:13:01.909429","level":"info","event":"[2026-10-06 02:13:01] City=Jakarta | Observations=390 | From=2026-09-19 17:00:00+00:00 | To=2026-10-06 01:00:00+00:00","logger":"airflow.task.hooks.airflow.providers.standard.hooks.subprocess.SubprocessHook"}
{"timestamp":"2026-10-06T02:13:01.909588","level":"info","event":"[2026-10-06 02:13:01] City=Surabaya | Observations=390 | From=2026-09-19 17:00:00+00:00 | To=2026-10-06 01:00:00+00:00","logger":"airflow.task.hooks.airflow.providers.standard.hooks.subprocess.SubprocessHook"}
{"timestamp":"2026-10-06T02:13:01.909643","level":"info","event":"[2026-10-06 02:13:01] Observation coverage check completed.","logger":"airflow.task.hooks.airflow.providers.standard.hooks.subprocess.SubprocessHook"}
{"timestamp":"2026-10-06T02:13:01.909682","level":"info","event":"[2026-10-06 02:13:01] ========================================","logger":"airflow.task.hooks.airflow.providers.standard.hooks.subprocess.SubprocessHook"}
{"timestamp":"2026-10-06T02:13:01.909714","level":"info","event":"[2026-10-06 02:13:01] MART DATA QUALITY COMPLETED","logger":"airflow.task.hooks.airflow.providers.standard.hooks.subprocess.SubprocessHook"}
{"timestamp":"2026-10-06T02:13:01.909745","level":"info","event":"[2026-10-06 02:13:01] ========================================","logger":"airflow.task.hooks.airflow.providers.standard.hooks.subprocess.SubprocessHook"}
{"timestamp":"2026-10-06T02:13:01.954525","level":"info","event":"Command exited with return code 0","logger":"airflow.task.hooks.airflow.providers.standard.hooks.subprocess.SubprocessHook"}
{"timestamp":"2026-10-06T02:13:01.955546","level":"info","event":"Pushing xcom","ti":"RuntimeTaskInstance(id=UUID('01a10efb-8db7-75b4-a1d4-045a34b8cb87'), task_id='data_quality_mart', dag_id='weather_pipeline', run_id='manual__2026-10-06T02:12:09.198489+00:00', try_number=1, map_index=-1, hostname='c98161626874', context_carrier=None, task=<Task(BashOperator): data_quality_mart>, bundle_instance=LocalDagBundle(name=dags-folder), max_tries=2, start_date=datetime.datetime(2026, 10, 6, 2, 12, 59, 294847, tzinfo=datetime.timezone.utc), end_date=None, state=<TaskInstanceState.RUNNING: 'running'>, is_mapped=False, rendered_map_index=None, log_url='http://localhost:8080/dags/weather_pipeline/runs/manual__2026-10-06T02%3A12%3A09.198489%2B00%3A00/tasks/data_quality_mart?try_number=1')","logger":"task"}
{"timestamp":"2026-10-06T02:13:02.512730","level":"info","event":"OpenLineageClient will use `http` transport","logger":"openlineage.client.client"}
{"timestamp":"2026-10-06T02:13:07.182320","level":"info","event":"Successfully emitted OpenLineage `COMPLETE` event of id `01a10efb-8915-75f2-8968-0319ff476558`","logger":"airflow.providers.openlineage.plugins.adapter.OpenLineageAdapter"}
