{"timestamp":"2026-10-05T07:49:38.706486","level":"info","event":"DAG bundles loaded: dags-folder","logger":"airflow.dag_processing.bundles.manager.DagBundlesManager"}
{"timestamp":"2026-10-05T07:49:38.707288","level":"info","event":"Filling up the DagBag from /opt/airflow/dags/weather_pipeline.py","logger":"airflow.models.dagbag.DagBag"}
{"timestamp":"2026-10-05T07:49:38.975787","level":"info","event":"Tmp dir root location: /tmp","logger":"airflow.task.hooks.airflow.providers.standard.hooks.subprocess.SubprocessHook"}
{"timestamp":"2026-10-05T07:49:38.976766","level":"info","event":"Running command: ['/usr/bin/bash', '-c', 'PGPASSWORD=\"$POSTGRES_PASSWORD\" psql -h \"$POSTGRES_HOST\" -p \"$POSTGRES_PORT\" -U \"$POSTGRES_USER\" -d \"$POSTGRES_DB\" -f /opt/airflow/sql/data_quality.sql']","logger":"airflow.task.hooks.airflow.providers.standard.hooks.subprocess.SubprocessHook"}
{"timestamp":"2026-10-05T07:49:38.989725","level":"info","event":"Output:","logger":"airflow.task.hooks.airflow.providers.standard.hooks.subprocess.SubprocessHook"}
{"timestamp":"2026-10-05T07:49:39.054004","level":"info","event":" invalid_rows","logger":"airflow.task.hooks.airflow.providers.standard.hooks.subprocess.SubprocessHook"}
{"timestamp":"2026-10-05T07:49:39.054367","level":"info","event":"--------------","logger":"airflow.task.hooks.airflow.providers.standard.hooks.subprocess.SubprocessHook"}
{"timestamp":"2026-10-05T07:49:39.054533","level":"info","event":"            0","logger":"airflow.task.hooks.airflow.providers.standard.hooks.subprocess.SubprocessHook"}
{"timestamp":"2026-10-05T07:49:39.054744","level":"info","event":"(1 row)","logger":"airflow.task.hooks.airflow.providers.standard.hooks.subprocess.SubprocessHook"}
{"timestamp":"2026-10-05T07:49:39.054891","level":"info","event":"","logger":"airflow.task.hooks.airflow.providers.standard.hooks.subprocess.SubprocessHook"}
{"timestamp":"2026-10-05T07:49:39.056186","level":"info","event":" city_key | weather_time | duplicate_count","logger":"airflow.task.hooks.airflow.providers.standard.hooks.subprocess.SubprocessHook"}
{"timestamp":"2026-10-05T07:49:39.056350","level":"info","event":"----------+--------------+-----------------","logger":"airflow.task.hooks.airflow.providers.standard.hooks.subprocess.SubprocessHook"}
{"timestamp":"2026-10-05T07:49:39.056417","level":"info","event":"(0 rows)","logger":"airflow.task.hooks.airflow.providers.standard.hooks.subprocess.SubprocessHook"}
{"timestamp":"2026-10-05T07:49:39.056462","level":"info","event":"","logger":"airflow.task.hooks.airflow.providers.standard.hooks.subprocess.SubprocessHook"}
{"timestamp":"2026-10-05T07:49:39.057696","level":"info","event":" invalid_rows","logger":"airflow.task.hooks.airflow.providers.standard.hooks.subprocess.SubprocessHook"}
{"timestamp":"2026-10-05T07:49:39.057866","level":"info","event":"--------------","logger":"airflow.task.hooks.airflow.providers.standard.hooks.subprocess.SubprocessHook"}
{"timestamp":"2026-10-05T07:49:39.057939","level":"info","event":"            0","logger":"airflow.task.hooks.airflow.providers.standard.hooks.subprocess.SubprocessHook"}
{"timestamp":"2026-10-05T07:49:39.057999","level":"info","event":"(1 row)","logger":"airflow.task.hooks.airflow.providers.standard.hooks.subprocess.SubprocessHook"}
{"timestamp":"2026-10-05T07:49:39.058067","level":"info","event":"","logger":"airflow.task.hooks.airflow.providers.standard.hooks.subprocess.SubprocessHook"}
{"timestamp":"2026-10-05T07:49:39.058591","level":"info","event":" invalid_rows","logger":"airflow.task.hooks.airflow.providers.standard.hooks.subprocess.SubprocessHook"}
{"timestamp":"2026-10-05T07:49:39.058697","level":"info","event":"--------------","logger":"airflow.task.hooks.airflow.providers.standard.hooks.subprocess.SubprocessHook"}
{"timestamp":"2026-10-05T07:49:39.058732","level":"info","event":"            0","logger":"airflow.task.hooks.airflow.providers.standard.hooks.subprocess.SubprocessHook"}
{"timestamp":"2026-10-05T07:49:39.058770","level":"info","event":"(1 row)","logger":"airflow.task.hooks.airflow.providers.standard.hooks.subprocess.SubprocessHook"}
{"timestamp":"2026-10-05T07:49:39.058804","level":"info","event":"","logger":"airflow.task.hooks.airflow.providers.standard.hooks.subprocess.SubprocessHook"}
{"timestamp":"2026-10-05T07:49:39.059179","level":"info","event":" invalid_rows","logger":"airflow.task.hooks.airflow.providers.standard.hooks.subprocess.SubprocessHook"}
{"timestamp":"2026-10-05T07:49:39.059290","level":"info","event":"--------------","logger":"airflow.task.hooks.airflow.providers.standard.hooks.subprocess.SubprocessHook"}
{"timestamp":"2026-10-05T07:49:39.059387","level":"info","event":"            0","logger":"airflow.task.hooks.airflow.providers.standard.hooks.subprocess.SubprocessHook"}
{"timestamp":"2026-10-05T07:49:39.059456","level":"info","event":"(1 row)","logger":"airflow.task.hooks.airflow.providers.standard.hooks.subprocess.SubprocessHook"}
{"timestamp":"2026-10-05T07:49:39.059513","level":"info","event":"","logger":"airflow.task.hooks.airflow.providers.standard.hooks.subprocess.SubprocessHook"}
{"timestamp":"2026-10-05T07:49:39.060241","level":"info","event":" invalid_rows","logger":"airflow.task.hooks.airflow.providers.standard.hooks.subprocess.SubprocessHook"}
{"timestamp":"2026-10-05T07:49:39.060348","level":"info","event":"--------------","logger":"airflow.task.hooks.airflow.providers.standard.hooks.subprocess.SubprocessHook"}
{"timestamp":"2026-10-05T07:49:39.060407","level":"info","event":"            0","logger":"airflow.task.hooks.airflow.providers.standard.hooks.subprocess.SubprocessHook"}
{"timestamp":"2026-10-05T07:49:39.060455","level":"info","event":"(1 row)","logger":"airflow.task.hooks.airflow.providers.standard.hooks.subprocess.SubprocessHook"}
{"timestamp":"2026-10-05T07:49:39.060496","level":"info","event":"","logger":"airflow.task.hooks.airflow.providers.standard.hooks.subprocess.SubprocessHook"}
{"timestamp":"2026-10-05T07:49:39.061098","level":"info","event":" invalid_rows","logger":"airflow.task.hooks.airflow.providers.standard.hooks.subprocess.SubprocessHook"}
{"timestamp":"2026-10-05T07:49:39.061571","level":"info","event":"--------------","logger":"airflow.task.hooks.airflow.providers.standard.hooks.subprocess.SubprocessHook"}
{"timestamp":"2026-10-05T07:49:39.061641","level":"info","event":"            0","logger":"airflow.task.hooks.airflow.providers.standard.hooks.subprocess.SubprocessHook"}
{"timestamp":"2026-10-05T07:49:39.061677","level":"info","event":"(1 row)","logger":"airflow.task.hooks.airflow.providers.standard.hooks.subprocess.SubprocessHook"}
{"timestamp":"2026-10-05T07:49:39.061715","level":"info","event":"","logger":"airflow.task.hooks.airflow.providers.standard.hooks.subprocess.SubprocessHook"}
{"timestamp":"2026-10-05T07:49:39.062943","level":"info","event":" city_name | observation_count |    min_weather_time    |    max_weather_time","logger":"airflow.task.hooks.airflow.providers.standard.hooks.subprocess.SubprocessHook"}
{"timestamp":"2026-10-05T07:49:39.063069","level":"info","event":"-----------+-------------------+------------------------+------------------------","logger":"airflow.task.hooks.airflow.providers.standard.hooks.subprocess.SubprocessHook"}
{"timestamp":"2026-10-05T07:49:39.063110","level":"info","event":" Bandung   |               384 | 2026-09-19 17:00:00+00 | 2026-10-05 16:00:00+00","logger":"airflow.task.hooks.airflow.providers.standard.hooks.subprocess.SubprocessHook"}
{"timestamp":"2026-10-05T07:49:39.063143","level":"info","event":" Jakarta   |               384 | 2026-09-19 17:00:00+00 | 2026-10-05 16:00:00+00","logger":"airflow.task.hooks.airflow.providers.standard.hooks.subprocess.SubprocessHook"}
{"timestamp":"2026-10-05T07:49:39.063175","level":"info","event":" Surabaya  |               384 | 2026-09-19 17:00:00+00 | 2026-10-05 16:00:00+00","logger":"airflow.task.hooks.airflow.providers.standard.hooks.subprocess.SubprocessHook"}
{"timestamp":"2026-10-05T07:49:39.063205","level":"info","event":"(3 rows)","logger":"airflow.task.hooks.airflow.providers.standard.hooks.subprocess.SubprocessHook"}
{"timestamp":"2026-10-05T07:49:39.063416","level":"info","event":"","logger":"airflow.task.hooks.airflow.providers.standard.hooks.subprocess.SubprocessHook"}
{"timestamp":"2026-10-05T07:49:39.064800","level":"info","event":"Command exited with return code 0","logger":"airflow.task.hooks.airflow.providers.standard.hooks.subprocess.SubprocessHook"}
{"timestamp":"2026-10-05T07:49:39.065986","level":"info","event":"Pushing xcom","ti":"RuntimeTaskInstance(id=UUID('01a10b09-ecf6-7566-bff2-56de36f15bd6'), task_id='data_quality', dag_id='weather_pipeline', run_id='manual__2026-10-05T07:49:22.266612+00:00', try_number=1, map_index=-1, hostname='26978145e786', context_carrier=None, task=<Task(BashOperator): data_quality>, bundle_instance=LocalDagBundle(name=dags-folder), max_tries=2, start_date=datetime.datetime(2026, 10, 5, 7, 49, 38, 673865, tzinfo=datetime.timezone.utc), end_date=None, state=<TaskInstanceState.RUNNING: 'running'>, is_mapped=False, rendered_map_index=None, log_url='http://localhost:8080/dags/weather_pipeline/runs/manual__2026-10-05T07%3A49%3A22.266612%2B00%3A00/tasks/data_quality?try_number=1')","logger":"task"}
